// Vitest Snapshot v1, https://vitest.dev/guide/snapshot.html

exports[`Navbar > should match snapshot 1`] = `
<div>
  <div
    class="bg-background shadow-dark px-6 h-[68px] flex items-center"
  >
    <div
      class="mx-auto flex justify-between items-center w-full"
    >
      <div
        class="flex items-center gap-[50px]"
      >
        <a
          href="/"
        >
          <div
            data-testid="logo"
          >
            Logo Component
          </div>
        </a>
        <div
          data-testid="nav"
        >
          Nav Component
        </div>
      </div>
      <div
        class="hidden lg:block"
      >
        <div
          data-testid="user-actions"
        >
          User Actions Component
        </div>
      </div>
      <button
        class="inline-flex items-center justify-center gap-2 whitespace-nowrap rounded-[40px] text-sm font-bold ring-offset-background transition-colors focus-visible:outline-none focus-visible:ring-2 focus-visible:ring-ring focus-visible:ring-offset-2 disabled:pointer-events-none disabled:opacity-50 [&_svg]:pointer-events-none [&_svg]:size-4 [&_svg]:shrink-0 bg-transparent hover:bg-accent hover:text-primary-cloud h-10 w-10 lg:hidden"
      >
        <svg
          class="lucide lucide-menu size-6"
          fill="none"
          height="24"
          stroke="currentColor"
          stroke-linecap="round"
          stroke-linejoin="round"
          stroke-width="2"
          viewBox="0 0 24 24"
          width="24"
          xmlns="http://www.w3.org/2000/svg"
        >
          <line
            x1="4"
            x2="20"
            y1="12"
            y2="12"
          />
          <line
            x1="4"
            x2="20"
            y1="6"
            y2="6"
          />
          <line
            x1="4"
            x2="20"
            y1="18"
            y2="18"
          />
        </svg>
        <span
          class="sr-only"
        >
          Toggle Menu
        </span>
      </button>
    </div>
  </div>
</div>
`;
