// Vitest Snapshot v1, https://vitest.dev/guide/snapshot.html

exports[`CardStats > should match snapshot 1`] = `
<div
  class="rounded-2xl text-card-foreground border border-shades-violet-2 bg-transparent px-1.5 py-2 flex flex-col-reverse"
>
  <div
    class="flex flex-col space-y-1.5 p-0"
  >
    <div
      class="text-2xl font-semibold leading-none tracking-tight flex items-center gap-0.5 text-primary-cloud justify-center"
    >
      <svg
        class="lucide lucide-users"
        fill="none"
        height="24"
        stroke="currentColor"
        stroke-linecap="round"
        stroke-linejoin="round"
        stroke-width="2"
        viewBox="0 0 24 24"
        width="24"
        xmlns="http://www.w3.org/2000/svg"
      >
        <path
          d="M16 21v-2a4 4 0 0 0-4-4H6a4 4 0 0 0-4 4v2"
        />
        <circle
          cx="9"
          cy="7"
          r="4"
        />
        <path
          d="M22 21v-2a4 4 0 0 0-3-3.87"
        />
        <path
          d="M16 3.13a4 4 0 0 1 0 7.75"
        />
      </svg>
      <span
        class="text-xs font-medium"
      >
        Total Students
      </span>
    </div>
  </div>
  <div
    class="p-0 flex flex-row items-center justify-center"
  >
    <strong
      class="font-bold text-lg text-shades-aqua-8"
    >
      1,234
    </strong>
    <span
      class="text-sm font-medium text-primary-cloud"
    >
      active
    </span>
  </div>
</div>
`;
