// Vitest Snapshot v1, https://vitest.dev/guide/snapshot.html

exports[`Avatar > should match snapshot with image 1`] = `
<span
  class="relative flex h-10 w-10 shrink-0 overflow-hidden rounded-full"
>
  <span
    class="flex h-full w-full items-center justify-center rounded-full bg-muted"
  >
    TU
  </span>
</span>
`;

exports[`Avatar > should match snapshot without image 1`] = `
<span
  class="relative flex h-10 w-10 shrink-0 overflow-hidden rounded-full"
>
  <span
    class="flex h-full w-full items-center justify-center rounded-full bg-muted"
  >
    TU
  </span>
</span>
`;
